// Jest Snapshot v1, https://goo.gl/fbAQLP

exports[`profile reducer should handle fill action 1`] = `
Object {
  "age": 18,
  "email": "narutolovesukraine@gmail.com",
  "firstName": "Naruto",
  "sex": "male",
  "speciality": "Genin",
  "surname": "Uzumaki",
}
`;
